// Jest Snapshot v1, https://goo.gl/fbAQLP

exports[`Game winner 1`] = `
<div
  className="game"
>
  <div
    className="board"
  >
    <div
      className="row"
    >
      <div
        className="cell"
      >
        <div
          className="square"
          onClick={[Function]}
        >
          <div
            className="cellOverlay"
          >
            <div
              className="cdot"
            />
          </div>
        </div>
      </div>
      <div
        className="cell"
      >
        <div
          className="square"
          onClick={[Function]}
        >
          <div
            className="cellOverlay"
          >
            <div
              className="cdot"
            />
          </div>
        </div>
      </div>
    </div>
    <div
      className="row"
    >
      <div
        className="cell"
      >
        <div
          className="square"
          onClick={[Function]}
        >
          <div
            className="cellOverlay"
          >
            <div
              className="cdot"
            />
          </div>
        </div>
      </div>
      <div
        className="cell"
      >
        <div
          className="square"
          onClick={[Function]}
        >
          <div
            className="cellOverlay"
          >
            <div
              className="cdot"
            />
          </div>
        </div>
      </div>
    </div>
  </div>
</div>
`;

exports[`Game winner 2`] = `
<div
  className="game"
>
  <div
    className="board"
  >
    <div
      className="row"
    >
      <div
        className="cell"
      >
        <div
          className="square isOn"
          onClick={[Function]}
        >
          <div
            className="cellOverlay"
          >
            <div
              className="cdot"
            />
          </div>
        </div>
      </div>
      <div
        className="cell"
      >
        <div
          className="square isOn"
          onClick={[Function]}
        >
          <div
            className="cellOverlay"
          >
            <div
              className="cdot"
            />
          </div>
        </div>
      </div>
    </div>
    <div
      className="row"
    >
      <div
        className="cell"
      >
        <div
          className="square isOn"
          onClick={[Function]}
        >
          <div
            className="cellOverlay"
          >
            <div
              className="cdot"
            />
          </div>
        </div>
      </div>
      <div
        className="cell"
      >
        <div
          className="square isOn"
          onClick={[Function]}
        >
          <div
            className="cellOverlay"
          >
            <div
              className="cdot"
            />
          </div>
        </div>
      </div>
    </div>
  </div>
</div>
`;

exports[`Game winner plus one click more 1`] = `
<div
  className="game"
>
  <div
    className="board"
  >
    <div
      className="row"
    >
      <div
        className="cell"
      >
        <div
          className="square"
          onClick={[Function]}
        >
          <div
            className="cellOverlay"
          >
            <div
              className="cdot"
            />
          </div>
        </div>
      </div>
      <div
        className="cell"
      >
        <div
          className="square"
          onClick={[Function]}
        >
          <div
            className="cellOverlay"
          >
            <div
              className="cdot"
            />
          </div>
        </div>
      </div>
    </div>
    <div
      className="row"
    >
      <div
        className="cell"
      >
        <div
          className="square"
          onClick={[Function]}
        >
          <div
            className="cellOverlay"
          >
            <div
              className="cdot"
            />
          </div>
        </div>
      </div>
      <div
        className="cell"
      >
        <div
          className="square"
          onClick={[Function]}
        >
          <div
            className="cellOverlay"
          >
            <div
              className="cdot"
            />
          </div>
        </div>
      </div>
    </div>
  </div>
</div>
`;

exports[`Game winner plus one click more 2`] = `
<div
  className="game"
>
  <div
    className="board"
  >
    <div
      className="row"
    >
      <div
        className="cell"
      >
        <div
          className="square isOn"
          onClick={[Function]}
        >
          <div
            className="cellOverlay"
          >
            <div
              className="cdot"
            />
          </div>
        </div>
      </div>
      <div
        className="cell"
      >
        <div
          className="square isOn"
          onClick={[Function]}
        >
          <div
            className="cellOverlay"
          >
            <div
              className="cdot"
            />
          </div>
        </div>
      </div>
    </div>
    <div
      className="row"
    >
      <div
        className="cell"
      >
        <div
          className="square isOn"
          onClick={[Function]}
        >
          <div
            className="cellOverlay"
          >
            <div
              className="cdot"
            />
          </div>
        </div>
      </div>
      <div
        className="cell"
      >
        <div
          className="square isOn"
          onClick={[Function]}
        >
          <div
            className="cellOverlay"
          >
            <div
              className="cdot"
            />
          </div>
        </div>
      </div>
    </div>
  </div>
</div>
`;

exports[`Game with no winner 1`] = `
<div
  className="game"
>
  <div
    className="board"
  >
    <div
      className="row"
    >
      <div
        className="cell"
      >
        <div
          className="square"
          onClick={[Function]}
        >
          <div
            className="cellOverlay"
          >
            <div
              className="cdot"
            />
          </div>
        </div>
      </div>
      <div
        className="cell"
      >
        <div
          className="square"
          onClick={[Function]}
        >
          <div
            className="cellOverlay"
          >
            <div
              className="cdot"
            />
          </div>
        </div>
      </div>
      <div
        className="cell"
      >
        <div
          className="square"
          onClick={[Function]}
        >
          <div
            className="cellOverlay"
          >
            <div
              className="cdot"
            />
          </div>
        </div>
      </div>
      <div
        className="cell"
      >
        <div
          className="square"
          onClick={[Function]}
        >
          <div
            className="cellOverlay"
          >
            <div
              className="cdot"
            />
          </div>
        </div>
      </div>
      <div
        className="cell"
      >
        <div
          className="square"
          onClick={[Function]}
        >
          <div
            className="cellOverlay"
          >
            <div
              className="cdot"
            />
          </div>
        </div>
      </div>
    </div>
    <div
      className="row"
    >
      <div
        className="cell"
      >
        <div
          className="square"
          onClick={[Function]}
        >
          <div
            className="cellOverlay"
          >
            <div
              className="cdot"
            />
          </div>
        </div>
      </div>
      <div
        className="cell"
      >
        <div
          className="square"
          onClick={[Function]}
        >
          <div
            className="cellOverlay"
          >
            <div
              className="cdot"
            />
          </div>
        </div>
      </div>
      <div
        className="cell"
      >
        <div
          className="square"
          onClick={[Function]}
        >
          <div
            className="cellOverlay"
          >
            <div
              className="cdot"
            />
          </div>
        </div>
      </div>
      <div
        className="cell"
      >
        <div
          className="square"
          onClick={[Function]}
        >
          <div
            className="cellOverlay"
          >
            <div
              className="cdot"
            />
          </div>
        </div>
      </div>
      <div
        className="cell"
      >
        <div
          className="square"
          onClick={[Function]}
        >
          <div
            className="cellOverlay"
          >
            <div
              className="cdot"
            />
          </div>
        </div>
      </div>
    </div>
    <div
      className="row"
    >
      <div
        className="cell"
      >
        <div
          className="square"
          onClick={[Function]}
        >
          <div
            className="cellOverlay"
          >
            <div
              className="cdot"
            />
          </div>
        </div>
      </div>
      <div
        className="cell"
      >
        <div
          className="square"
          onClick={[Function]}
        >
          <div
            className="cellOverlay"
          >
            <div
              className="cdot"
            />
          </div>
        </div>
      </div>
      <div
        className="cell"
      >
        <div
          className="square"
          onClick={[Function]}
        >
          <div
            className="cellOverlay"
          >
            <div
              className="cdot"
            />
          </div>
        </div>
      </div>
      <div
        className="cell"
      >
        <div
          className="square"
          onClick={[Function]}
        >
          <div
            className="cellOverlay"
          >
            <div
              className="cdot"
            />
          </div>
        </div>
      </div>
      <div
        className="cell"
      >
        <div
          className="square"
          onClick={[Function]}
        >
          <div
            className="cellOverlay"
          >
            <div
              className="cdot"
            />
          </div>
        </div>
      </div>
    </div>
    <div
      className="row"
    >
      <div
        className="cell"
      >
        <div
          className="square"
          onClick={[Function]}
        >
          <div
            className="cellOverlay"
          >
            <div
              className="cdot"
            />
          </div>
        </div>
      </div>
      <div
        className="cell"
      >
        <div
          className="square"
          onClick={[Function]}
        >
          <div
            className="cellOverlay"
          >
            <div
              className="cdot"
            />
          </div>
        </div>
      </div>
      <div
        className="cell"
      >
        <div
          className="square"
          onClick={[Function]}
        >
          <div
            className="cellOverlay"
          >
            <div
              className="cdot"
            />
          </div>
        </div>
      </div>
      <div
        className="cell"
      >
        <div
          className="square"
          onClick={[Function]}
        >
          <div
            className="cellOverlay"
          >
            <div
              className="cdot"
            />
          </div>
        </div>
      </div>
      <div
        className="cell"
      >
        <div
          className="square"
          onClick={[Function]}
        >
          <div
            className="cellOverlay"
          >
            <div
              className="cdot"
            />
          </div>
        </div>
      </div>
    </div>
    <div
      className="row"
    >
      <div
        className="cell"
      >
        <div
          className="square"
          onClick={[Function]}
        >
          <div
            className="cellOverlay"
          >
            <div
              className="cdot"
            />
          </div>
        </div>
      </div>
      <div
        className="cell"
      >
        <div
          className="square"
          onClick={[Function]}
        >
          <div
            className="cellOverlay"
          >
            <div
              className="cdot"
            />
          </div>
        </div>
      </div>
      <div
        className="cell"
      >
        <div
          className="square"
          onClick={[Function]}
        >
          <div
            className="cellOverlay"
          >
            <div
              className="cdot"
            />
          </div>
        </div>
      </div>
      <div
        className="cell"
      >
        <div
          className="square"
          onClick={[Function]}
        >
          <div
            className="cellOverlay"
          >
            <div
              className="cdot"
            />
          </div>
        </div>
      </div>
      <div
        className="cell"
      >
        <div
          className="square"
          onClick={[Function]}
        >
          <div
            className="cellOverlay"
          >
            <div
              className="cdot"
            />
          </div>
        </div>
      </div>
    </div>
  </div>
</div>
`;

exports[`Game with no winner 2`] = `
<div
  className="game"
>
  <div
    className="board"
  >
    <div
      className="row"
    >
      <div
        className="cell"
      >
        <div
          className="square isOn"
          onClick={[Function]}
        >
          <div
            className="cellOverlay"
          >
            <div
              className="cdot"
            />
          </div>
        </div>
      </div>
      <div
        className="cell"
      >
        <div
          className="square"
          onClick={[Function]}
        >
          <div
            className="cellOverlay"
          >
            <div
              className="cdot"
            />
          </div>
        </div>
      </div>
      <div
        className="cell"
      >
        <div
          className="square"
          onClick={[Function]}
        >
          <div
            className="cellOverlay"
          >
            <div
              className="cdot"
            />
          </div>
        </div>
      </div>
      <div
        className="cell"
      >
        <div
          className="square"
          onClick={[Function]}
        >
          <div
            className="cellOverlay"
          >
            <div
              className="cdot"
            />
          </div>
        </div>
      </div>
      <div
        className="cell"
      >
        <div
          className="square isOn"
          onClick={[Function]}
        >
          <div
            className="cellOverlay"
          >
            <div
              className="cdot"
            />
          </div>
        </div>
      </div>
    </div>
    <div
      className="row"
    >
      <div
        className="cell"
      >
        <div
          className="square"
          onClick={[Function]}
        >
          <div
            className="cellOverlay"
          >
            <div
              className="cdot"
            />
          </div>
        </div>
      </div>
      <div
        className="cell"
      >
        <div
          className="square isOn"
          onClick={[Function]}
        >
          <div
            className="cellOverlay"
          >
            <div
              className="cdot"
            />
          </div>
        </div>
      </div>
      <div
        className="cell"
      >
        <div
          className="square isOn"
          onClick={[Function]}
        >
          <div
            className="cellOverlay"
          >
            <div
              className="cdot"
            />
          </div>
        </div>
      </div>
      <div
        className="cell"
      >
        <div
          className="square isOn"
          onClick={[Function]}
        >
          <div
            className="cellOverlay"
          >
            <div
              className="cdot"
            />
          </div>
        </div>
      </div>
      <div
        className="cell"
      >
        <div
          className="square"
          onClick={[Function]}
        >
          <div
            className="cellOverlay"
          >
            <div
              className="cdot"
            />
          </div>
        </div>
      </div>
    </div>
    <div
      className="row"
    >
      <div
        className="cell"
      >
        <div
          className="square"
          onClick={[Function]}
        >
          <div
            className="cellOverlay"
          >
            <div
              className="cdot"
            />
          </div>
        </div>
      </div>
      <div
        className="cell"
      >
        <div
          className="square isOn"
          onClick={[Function]}
        >
          <div
            className="cellOverlay"
          >
            <div
              className="cdot"
            />
          </div>
        </div>
      </div>
      <div
        className="cell"
      >
        <div
          className="square isOn"
          onClick={[Function]}
        >
          <div
            className="cellOverlay"
          >
            <div
              className="cdot"
            />
          </div>
        </div>
      </div>
      <div
        className="cell"
      >
        <div
          className="square isOn"
          onClick={[Function]}
        >
          <div
            className="cellOverlay"
          >
            <div
              className="cdot"
            />
          </div>
        </div>
      </div>
      <div
        className="cell"
      >
        <div
          className="square"
          onClick={[Function]}
        >
          <div
            className="cellOverlay"
          >
            <div
              className="cdot"
            />
          </div>
        </div>
      </div>
    </div>
    <div
      className="row"
    >
      <div
        className="cell"
      >
        <div
          className="square"
          onClick={[Function]}
        >
          <div
            className="cellOverlay"
          >
            <div
              className="cdot"
            />
          </div>
        </div>
      </div>
      <div
        className="cell"
      >
        <div
          className="square isOn"
          onClick={[Function]}
        >
          <div
            className="cellOverlay"
          >
            <div
              className="cdot"
            />
          </div>
        </div>
      </div>
      <div
        className="cell"
      >
        <div
          className="square isOn"
          onClick={[Function]}
        >
          <div
            className="cellOverlay"
          >
            <div
              className="cdot"
            />
          </div>
        </div>
      </div>
      <div
        className="cell"
      >
        <div
          className="square isOn"
          onClick={[Function]}
        >
          <div
            className="cellOverlay"
          >
            <div
              className="cdot"
            />
          </div>
        </div>
      </div>
      <div
        className="cell"
      >
        <div
          className="square"
          onClick={[Function]}
        >
          <div
            className="cellOverlay"
          >
            <div
              className="cdot"
            />
          </div>
        </div>
      </div>
    </div>
    <div
      className="row"
    >
      <div
        className="cell"
      >
        <div
          className="square isOn"
          onClick={[Function]}
        >
          <div
            className="cellOverlay"
          >
            <div
              className="cdot"
            />
          </div>
        </div>
      </div>
      <div
        className="cell"
      >
        <div
          className="square"
          onClick={[Function]}
        >
          <div
            className="cellOverlay"
          >
            <div
              className="cdot"
            />
          </div>
        </div>
      </div>
      <div
        className="cell"
      >
        <div
          className="square"
          onClick={[Function]}
        >
          <div
            className="cellOverlay"
          >
            <div
              className="cdot"
            />
          </div>
        </div>
      </div>
      <div
        className="cell"
      >
        <div
          className="square"
          onClick={[Function]}
        >
          <div
            className="cellOverlay"
          >
            <div
              className="cdot"
            />
          </div>
        </div>
      </div>
      <div
        className="cell"
      >
        <div
          className="square isOn"
          onClick={[Function]}
        >
          <div
            className="cellOverlay"
          >
            <div
              className="cdot"
            />
          </div>
        </div>
      </div>
    </div>
  </div>
</div>
`;
